RAM Allocation
Variable                                                          Address   Size
--------------------------------------------------------------------------------
Data1                                                             0x0A00       4
Data2                                                             0x0A04       4
_seed                                                             0x0A08       4

EEPROM Allocation
Variable                                                          Address   Size
--------------------------------------------------------------------------------

Register Allocation
Variable                                                          Register  Size
--------------------------------------------------------------------------------
ex                                                                R3,R4        2
ye                                                                R5,R6        2
Count2                                                            R8           1
Count1                                                            R7           1
Count0                                                            R10          1
DataRx                                                            R9           1
